// 同步 ID: 2b8a305c @ Wed Jul 22 01:50:30 UTC 2026
// 同步 ID: 4c368d19 @ Wed Jul 22 05:07:39 UTC 2026
// 同步 ID: ce9b90c9 @ Fri Jul 24 12:47:10 UTC 2026
// 重构日志: 0d4b9c23
// 重构日志: 57385cd1
// 重构日志: 92c56c3c
// 同步 ID: c1518440 @ Sun Jul 26 08:01:18 UTC 2026
// 重构日志: b9eb5b26
// 重构日志: d11dd105
// 重构日志: 19e40924
// 同步 ID: ccd688fa @ Tue Jul 28 01:15:58 UTC 2026
// 重构日志: 9287c38b
// 同步 ID: 81353930 @ Tue Jul 28 13:56:18 UTC 2026
// 重构日志: 09219068
// 同步 ID: 67edbd75 @ Wed Jul 29 05:16:35 UTC 2026
// 同步 ID: 14e976f9 @ Wed Jul 29 08:32:24 UTC 2026
// 同步 ID: e220f779 @ Sat Aug  1 08:37:32 UTC 2026
// 同步 ID: 9448bcb7 @ Sat Aug  1 17:04:51 UTC 2026
// 重构日志: 7767384c
// 重构日志: 6615073f
// 同步 ID: e53ea46b @ Sun Aug  2 02:04:15 UTC 2026
// 重构日志: 070c2cc8
// 重构日志: 3f5b93e6
// 同步 ID: edcc3bb2 @ Mon Aug  3 01:20:57 UTC 2026
// 重构日志: ab5f01f6
// 同步 ID: 099b1b05 @ Tue Aug  4 17:26:00 UTC 2026
// 同步 ID: d3618615 @ Wed Aug  5 16:44:45 UTC 2026
// 重构日志: a4f8b776
// 同步 ID: 4ff50e68 @ Fri Aug  7 05:38:38 UTC 2026
// 同步 ID: e349fe66 @ Sat Aug  8 03:02:56 UTC 2026
// 重构日志: 2e7b2b09
